0 verbose cli C:\Program Files\nodejs\node.exe C:\Users\user\AppData\Roaming\npm\node_modules\npm\bin\npm-cli.js
1 info using npm@10.8.3
2 info using node@v22.14.0
3 silly config load:file:C:\Users\user\AppData\Roaming\npm\node_modules\npm\npmrc
4 silly config load:file:C:\Users\user\OneDrive\เดสก์ท็อป\clothing-store-app\.runner\.npmrc
5 silly config load:file:C:\Users\user\.npmrc
6 silly config load:file:C:\Users\user\OneDrive\เดสก์ท็อป\clothing-store-app\.runner\etc\npmrc
7 verbose title npm install react-scripts@5.0.1
8 verbose argv "install" "--prefix" ".runner" "--prefer-online" "--cache" ".npm-cache" "--no-audit" "--no-fund" "react-scripts@5.0.1"
9 verbose logfile logs-max:10 dir:C:\Users\user\OneDrive\เดสก์ท็อป\clothing-store-app\.npm-cache\_logs\2026-06-07T05_25_24_952Z-
10 verbose logfile C:\Users\user\OneDrive\เดสก์ท็อป\clothing-store-app\.npm-cache\_logs\2026-06-07T05_25_24_952Z-debug-0.log
11 silly packumentCache heap:2197815296 maxSize:549453824 maxEntrySize:274726912
12 silly logfile done cleaning log files
13 silly idealTree buildDeps
14 silly fetch manifest react-scripts@5.0.1
15 silly packumentCache full:https://registry.npmjs.org/react-scripts cache-miss
16 http fetch GET 200 https://registry.npmjs.org/react-scripts 398ms (cache miss)
17 silly placeDep ROOT react-scripts@ OK for:  want: 5.0.1
18 verbose type system
19 verbose stack FetchError: Invalid response body while trying to fetch https://registry.npmjs.org/react-scripts: EPERM: operation not permitted, unlink 'C:\Users\user\OneDrive\เดสก์ท็อป\clothing-store-app\.npm-cache\_cacache\tmp\5069dd91'
19 verbose stack     at C:\Users\user\AppData\Roaming\npm\node_modules\npm\node_modules\minipass-fetch\lib\body.js:170:15
19 verbose stack     at async Response.json (C:\Users\user\AppData\Roaming\npm\node_modules\npm\node_modules\minipass-fetch\lib\body.js:75:17)
19 verbose stack     at async RegistryFetcher.packument (C:\Users\user\AppData\Roaming\npm\node_modules\npm\node_modules\pacote\lib\registry.js:98:25)
19 verbose stack     at async RegistryFetcher.manifest (C:\Users\user\AppData\Roaming\npm\node_modules\npm\node_modules\pacote\lib\registry.js:128:23)
19 verbose stack     at async #fetchManifest (C:\Users\user\AppData\Roaming\npm\node_modules\npm\node_modules\@npmcli\arborist\lib\arborist\build-ideal-tree.js:1199:20)
19 verbose stack     at async #nodeFromEdge (C:\Users\user\AppData\Roaming\npm\node_modules\npm\node_modules\@npmcli\arborist\lib\arborist\build-ideal-tree.js:1037:19)
19 verbose stack     at async #buildDepStep (C:\Users\user\AppData\Roaming\npm\node_modules\npm\node_modules\@npmcli\arborist\lib\arborist\build-ideal-tree.js:901:11)
19 verbose stack     at async Arborist.buildIdealTree (C:\Users\user\AppData\Roaming\npm\node_modules\npm\node_modules\@npmcli\arborist\lib\arborist\build-ideal-tree.js:181:7)
19 verbose stack     at async Promise.all (index 1)
19 verbose stack     at async Arborist.reify (C:\Users\user\AppData\Roaming\npm\node_modules\npm\node_modules\@npmcli\arborist\lib\arborist\reify.js:131:5)
20 error code EPERM
21 error syscall unlink
22 error path C:\Users\user\OneDrive\เดสก์ท็อป\clothing-store-app\.npm-cache\_cacache\tmp\5069dd91
23 error errno EPERM
24 error FetchError: Invalid response body while trying to fetch https://registry.npmjs.org/react-scripts: EPERM: operation not permitted, unlink 'C:\Users\user\OneDrive\เดสก์ท็อป\clothing-store-app\.npm-cache\_cacache\tmp\5069dd91'
24 error     at C:\Users\user\AppData\Roaming\npm\node_modules\npm\node_modules\minipass-fetch\lib\body.js:170:15
24 error     at async Response.json (C:\Users\user\AppData\Roaming\npm\node_modules\npm\node_modules\minipass-fetch\lib\body.js:75:17)
24 error     at async RegistryFetcher.packument (C:\Users\user\AppData\Roaming\npm\node_modules\npm\node_modules\pacote\lib\registry.js:98:25)
24 error     at async RegistryFetcher.manifest (C:\Users\user\AppData\Roaming\npm\node_modules\npm\node_modules\pacote\lib\registry.js:128:23)
24 error     at async #fetchManifest (C:\Users\user\AppData\Roaming\npm\node_modules\npm\node_modules\@npmcli\arborist\lib\arborist\build-ideal-tree.js:1199:20)
24 error     at async #nodeFromEdge (C:\Users\user\AppData\Roaming\npm\node_modules\npm\node_modules\@npmcli\arborist\lib\arborist\build-ideal-tree.js:1037:19)
24 error     at async #buildDepStep (C:\Users\user\AppData\Roaming\npm\node_modules\npm\node_modules\@npmcli\arborist\lib\arborist\build-ideal-tree.js:901:11)
24 error     at async Arborist.buildIdealTree (C:\Users\user\AppData\Roaming\npm\node_modules\npm\node_modules\@npmcli\arborist\lib\arborist\build-ideal-tree.js:181:7)
24 error     at async Promise.all (index 1)
24 error     at async Arborist.reify (C:\Users\user\AppData\Roaming\npm\node_modules\npm\node_modules\@npmcli\arborist\lib\arborist\reify.js:131:5) {
24 error   code: 'EPERM',
24 error   errno: 'EPERM',
24 error   syscall: 'unlink',
24 error   path: 'C:\\Users\\user\\OneDrive\\เดสก์ท็อป\\clothing-store-app\\.npm-cache\\_cacache\\tmp\\5069dd91',
24 error   type: 'system',
24 error   requiredBy: '.'
24 error }
25 error
25 error The operation was rejected by your operating system.
25 error It's possible that the file was already in use (by a text editor or antivirus),
25 error or that you lack permissions to access it.
25 error
25 error If you believe this might be a permissions issue, please double-check the
25 error permissions of the file and its containing directories, or try running
25 error the command again as root/Administrator.
26 silly unfinished npm timer reify 1780809925758
27 silly unfinished npm timer reify:loadTrees 1780809925764
28 verbose cwd C:\Users\user\OneDrive\เดสก์ท็อป\clothing-store-app
29 verbose os Windows_NT 10.0.26200
30 verbose node v22.14.0
31 verbose npm  v10.8.3
32 verbose exit 1
33 verbose code 1
34 error A complete log of this run can be found in: C:\Users\user\OneDrive\เดสก์ท็อป\clothing-store-app\.npm-cache\_logs\2026-06-07T05_25_24_952Z-debug-0.log
